// Jest Snapshot v1, https://goo.gl/fbAQLP

exports[`Render Navbar Component 1`] = `
<div>
  <header
    class="flex flex-col justify-center"
  >
    <nav
      aria-label="Global"
      class="mx-auto flex max-w-7xl items-center justify-between p-6 lg:px-8"
    >
      <h1
        class="font-bold md:text-6xl text-2xl font-sans text-black-950"
        data-testid="heading"
      >
        The New York Times
      </h1>
    </nav>
    <div>
      <div
        class="flex py-5 items-center"
      >
        <div
          class="flex-grow border-t-2 border-black"
        />
        <span
          class="flex-shrink mx-4 text-1xl md:text-2xl text-blue-950"
        >
          Most Popular Articles
        </span>
        <div
          class="flex-grow border-t-2 border-black"
        />
      </div>
    </div>
  </header>
</div>
`;
