// Jest Snapshot v1, https://goo.gl/fbAQLP

exports[`Render articles Component 1`] = `
<div>
  <div
    class="flex justify-center gap-2"
    data-testid="articleCardDetail"
  >
    <div
      class="w-1/2 h-1/2 bg-gray-200"
    >
      <img
        class="w-full h-full object"
      />
    </div>
    <div
      class="w-1/2 h-1/2"
    >
      <h1
        class="font-bold text-2xl"
      />
      <div
        class="flex-grow border-t-2 border-black"
      />
      <p
        class="font-light text-xl"
      />
    </div>
  </div>
</div>
`;
